// Jest Snapshot v1, https://goo.gl/fbAQLP

exports[`Hello should render Hello component 1`] = `
<h1>
  Hello world!
</h1>
`;
