// Jest Snapshot v1, https://goo.gl/fbAQLP

exports[`Page should render Page component 1`] = `
<div
  className="button-wrapper"
>
  Welcome goes here!
  <div
    className="link-button"
  >
    Button
  </div>
  Main Footer
</div>
`;
